Building EAL6_FreeRTOS_V611_Scheduler_P2_Generated_Layout_First ...
Finished EAL6_FreeRTOS_V611_Scheduler_P2_Generated_Layout_First (0:01:19 elapsed time)
Building EAL6_FreeRTOS_V611_Scheduler_List_ABI_Bridge ...
Finished EAL6_FreeRTOS_V611_Scheduler_List_ABI_Bridge (0:00:13 elapsed time)
Building EAL6_FreeRTOS_V611_Scheduler_P2_Raw_Relation ...
Finished EAL6_FreeRTOS_V611_Scheduler_P2_Raw_Relation (0:00:29 elapsed time)
Building EAL6_FreeRTOS_V611_Scheduler_P2_Source_Footprint ...
Finished EAL6_FreeRTOS_V611_Scheduler_P2_Source_Footprint (0:00:50 elapsed time)
Building EAL6_FreeRTOS_V611_Scheduler_P2_Remove_Source ...
Finished EAL6_FreeRTOS_V611_Scheduler_P2_Remove_Source (0:00:28 elapsed time)
Building EAL6_FreeRTOS_V611_Scheduler_P2_Wake_Key ...
Finished EAL6_FreeRTOS_V611_Scheduler_P2_Wake_Key (0:00:14 elapsed time)
Building EAL6_FreeRTOS_V611_Scheduler_P2_Remove_Cross_List ...
Finished EAL6_FreeRTOS_V611_Scheduler_P2_Remove_Cross_List (0:00:12 elapsed time)
Building EAL6_FreeRTOS_V611_Scheduler_P2_Remove_Wake_Frame ...
Finished EAL6_FreeRTOS_V611_Scheduler_P2_Remove_Wake_Frame (0:00:12 elapsed time)
Building EAL6_FreeRTOS_V611_Scheduler_P2_Insert_Transform ...
Finished EAL6_FreeRTOS_V611_Scheduler_P2_Insert_Transform (0:00:12 elapsed time)
Building EAL6_FreeRTOS_V611_Scheduler_P2_Insert_Frame ...
Finished EAL6_FreeRTOS_V611_Scheduler_P2_Insert_Frame (0:00:12 elapsed time)
Building EAL6_FreeRTOS_V611_Scheduler_P2_Insert_Source ...
Finished EAL6_FreeRTOS_V611_Scheduler_P2_Insert_Source (0:00:16 elapsed time)
Building EAL6_FreeRTOS_V611_Scheduler_P2_Insert_Refinement ...
Finished EAL6_FreeRTOS_V611_Scheduler_P2_Insert_Refinement (0:00:17 elapsed time)
Building EAL6_FreeRTOS_V611_Scheduler_P2_Control_Leaves ...
Finished EAL6_FreeRTOS_V611_Scheduler_P2_Control_Leaves (0:00:19 elapsed time)
Building EAL6_FreeRTOS_V611_Scheduler_P2_Delay_Source ...
Finished EAL6_FreeRTOS_V611_Scheduler_P2_Delay_Source (0:00:14 elapsed time)
Running EAL6_FreeRTOS_V611_Scheduler_P2_Delay_Refinement ...
Finished EAL6_FreeRTOS_V611_Scheduler_P2_Delay_Refinement (0:00:04 elapsed time)
0:06:20 elapsed time

